org/openmrs/module/appointments/web/contract/AppointmentPayload.class
org/openmrs/module/appointments/web/controller/SpecialityController.class
org/openmrs/module/appointments/web/contract/AppointmentServiceTypePayload.class
org/openmrs/module/appointments/web/mapper/AppointmentServiceMapper.class
org/openmrs/module/appointments/web/contract/AppointmentsSummary.class
org/openmrs/module/appointments/web/controller/AppointmentServiceController.class
org/openmrs/module/appointments/web/contract/AppointmentServicePayload.class
org/openmrs/module/appointments/web/contract/AppointmentCount.class
org/openmrs/module/appointments/web/contract/AppointmentQuery.class
org/openmrs/module/appointments/web/contract/AppointmentDefaultResponse.class
org/openmrs/module/appointments/web/contract/AppointmentServiceFullResponse.class
org/openmrs/module/appointments/web/contract/ServiceWeeklyAvailabilityPayload.class
org/openmrs/module/appointments/web/controller/AppointmentController.class
org/openmrs/module/appointments/web/mapper/AppointmentMapper.class
org/openmrs/module/appointments/web/extension/AppointmentResponseExtension.class
org/openmrs/module/appointments/web/contract/AppointmentServiceDefaultResponse.class
