/var/lib/jenkins/workspace/openmrs-module-appointments/omod/src/main/java/org/openmrs/module/appointments/web/contract/AppointmentQuery.java
/var/lib/jenkins/workspace/openmrs-module-appointments/omod/src/main/java/org/openmrs/module/appointments/web/contract/AppointmentServiceDefaultResponse.java
/var/lib/jenkins/workspace/openmrs-module-appointments/omod/src/main/java/org/openmrs/module/appointments/web/mapper/AppointmentServiceMapper.java
/var/lib/jenkins/workspace/openmrs-module-appointments/omod/src/main/java/org/openmrs/module/appointments/web/contract/AppointmentServiceTypePayload.java
/var/lib/jenkins/workspace/openmrs-module-appointments/omod/src/main/java/org/openmrs/module/appointments/web/controller/AppointmentServiceController.java
/var/lib/jenkins/workspace/openmrs-module-appointments/omod/src/main/java/org/openmrs/module/appointments/web/extension/AppointmentResponseExtension.java
/var/lib/jenkins/workspace/openmrs-module-appointments/omod/src/main/java/org/openmrs/module/appointments/web/controller/AppointmentController.java
/var/lib/jenkins/workspace/openmrs-module-appointments/omod/src/main/java/org/openmrs/module/appointments/web/contract/ServiceWeeklyAvailabilityPayload.java
/var/lib/jenkins/workspace/openmrs-module-appointments/omod/src/main/java/org/openmrs/module/appointments/web/mapper/AppointmentMapper.java
/var/lib/jenkins/workspace/openmrs-module-appointments/omod/src/main/java/org/openmrs/module/appointments/web/controller/SpecialityController.java
/var/lib/jenkins/workspace/openmrs-module-appointments/omod/src/main/java/org/openmrs/module/appointments/web/contract/AppointmentDefaultResponse.java
/var/lib/jenkins/workspace/openmrs-module-appointments/omod/src/main/java/org/openmrs/module/appointments/web/contract/AppointmentPayload.java
/var/lib/jenkins/workspace/openmrs-module-appointments/omod/src/main/java/org/openmrs/module/appointments/web/contract/AppointmentCount.java
/var/lib/jenkins/workspace/openmrs-module-appointments/omod/src/main/java/org/openmrs/module/appointments/web/contract/AppointmentServicePayload.java
/var/lib/jenkins/workspace/openmrs-module-appointments/omod/src/main/java/org/openmrs/module/appointments/web/contract/AppointmentServiceFullResponse.java
/var/lib/jenkins/workspace/openmrs-module-appointments/omod/src/main/java/org/openmrs/module/appointments/web/contract/AppointmentsSummary.java
