org/openmrs/module/appointments/web/controller/AppointmentsControllerIT.class
org/openmrs/module/appointments/web/controller/AppointmentsControllerIT$1.class
org/openmrs/module/appointments/web/controller/SpecialityControllerIT.class
org/openmrs/module/appointments/web/controller/AppointmentControllerIT$3.class
org/openmrs/module/appointments/web/controller/SpecialityControllerIT$1.class
org/openmrs/module/appointments/web/controller/AppointmentControllerIT$6.class
org/openmrs/module/appointments/web/controller/AppointmentServiceControllerIT$1.class
org/openmrs/module/appointments/web/BaseWebControllerTest$Parameter.class
org/openmrs/module/appointments/web/controller/AppointmentServicesControllerIT$1.class
org/openmrs/module/appointments/web/controller/AppointmentsControllerTest.class
org/openmrs/module/appointments/web/controller/AppointmentServiceControllerIT$4.class
org/openmrs/module/appointments/web/controller/AppointmentControllerIT$1.class
org/openmrs/module/appointments/web/controller/AppointmentServicesControllerIT.class
org/openmrs/module/appointments/web/controller/AppointmentServiceControllerTest.class
org/openmrs/module/appointments/web/controller/AppointmentControllerIT$2.class
org/openmrs/module/appointments/web/mapper/AppointmentServiceMapperTest.class
org/openmrs/module/appointments/web/controller/AppointmentControllerIT$4.class
org/openmrs/module/appointments/web/controller/AppointmentControllerIT.class
org/openmrs/module/appointments/web/BaseIntegrationTest.class
org/openmrs/module/appointments/web/controller/AppointmentServiceControllerIT.class
org/openmrs/module/appointments/web/controller/AppointmentServiceControllerIT$2.class
org/openmrs/module/appointments/web/BaseWebControllerTest.class
org/openmrs/module/appointments/web/controller/AppointmentControllerIT$5.class
org/openmrs/module/appointments/web/controller/AppointmentControllerTest.class
org/openmrs/module/appointments/web/controller/AppointmentServicesControllerTest.class
org/openmrs/module/appointments/web/controller/AppointmentServiceControllerIT$3.class
org/openmrs/module/appointments/web/mapper/AppointmentMapperTest.class
